------------------------------------------------------------
TimeQuest Timing Analyzer Summary
------------------------------------------------------------

Type  : Slow Model Setup 'iCLK_50'
Slack : -384.385
TNS   : -16267.555

Type  : Slow Model Setup 'iCLK_28'
Slack : -4.374
TNS   : -212.867

Type  : Slow Model Setup 'flash_default_tester:flash1|DE2_70_flash_word_tester:tester|flash_writer:f1|delay[5]'
Slack : -3.321
TNS   : -78.435

Type  : Slow Model Setup 'I2C_AV_Config:u3|mI2C_CTRL_CLK'
Slack : -2.852
TNS   : -91.901

Type  : Slow Model Setup 'flash_default_tester:flash1|DE2_70_flash_word_tester:tester|flash_writer:f1|delay[4]'
Slack : -2.623
TNS   : -56.767

Type  : Slow Model Setup 'AUDIO_DAC:u4|LRCK_1X'
Slack : -1.084
TNS   : -6.504

Type  : Slow Model Setup 'flash_default_tester:flash1|DE2_70_flash_word_tester:tester|disp_cnt[24]'
Slack : -0.662
TNS   : -2.960

Type  : Slow Model Setup 'AUDIO_DAC:u4|oAUD_BCK'
Slack : -0.088
TNS   : -0.134

Type  : Slow Model Setup 'p1|altpll_component|pll|clk[1]'
Slack : 0.833
TNS   : 0.000

Type  : Slow Model Setup 'p1|altpll_component|pll|clk[0]'
Slack : 8.836
TNS   : 0.000

Type  : Slow Model Setup 'p1|altpll_component|pll|clk[2]'
Slack : 22.948
TNS   : 0.000

Type  : Slow Model Hold 'iCLK_50'
Slack : -2.698
TNS   : -2.698

Type  : Slow Model Hold 'iCLK_28'
Slack : -2.592
TNS   : -32.934

Type  : Slow Model Hold 'p1|altpll_component|pll|clk[1]'
Slack : -1.087
TNS   : -2.145

Type  : Slow Model Hold 'AUDIO_DAC:u4|oAUD_BCK'
Slack : 0.391
TNS   : 0.000

Type  : Slow Model Hold 'I2C_AV_Config:u3|mI2C_CTRL_CLK'
Slack : 0.391
TNS   : 0.000

Type  : Slow Model Hold 'flash_default_tester:flash1|DE2_70_flash_word_tester:tester|disp_cnt[24]'
Slack : 0.391
TNS   : 0.000

Type  : Slow Model Hold 'flash_default_tester:flash1|DE2_70_flash_word_tester:tester|flash_writer:f1|delay[4]'
Slack : 0.391
TNS   : 0.000

Type  : Slow Model Hold 'flash_default_tester:flash1|DE2_70_flash_word_tester:tester|flash_writer:f1|delay[5]'
Slack : 0.391
TNS   : 0.000

Type  : Slow Model Hold 'p1|altpll_component|pll|clk[0]'
Slack : 0.391
TNS   : 0.000

Type  : Slow Model Hold 'p1|altpll_component|pll|clk[2]'
Slack : 0.513
TNS   : 0.000

Type  : Slow Model Hold 'AUDIO_DAC:u4|LRCK_1X'
Slack : 0.537
TNS   : 0.000

Type  : Slow Model Recovery 'p1|altpll_component|pll|clk[0]'
Slack : -3.385
TNS   : -202.886

Type  : Slow Model Recovery 'p1|altpll_component|pll|clk[2]'
Slack : -3.385
TNS   : -24.929

Type  : Slow Model Recovery 'p1|altpll_component|pll|clk[1]'
Slack : -3.357
TNS   : -46.231

Type  : Slow Model Recovery 'AUDIO_DAC:u4|oAUD_BCK'
Slack : 0.262
TNS   : 0.000

Type  : Slow Model Recovery 'AUDIO_DAC:u4|LRCK_1X'
Slack : 0.436
TNS   : 0.000

Type  : Slow Model Removal 'AUDIO_DAC:u4|LRCK_1X'
Slack : 0.334
TNS   : 0.000

Type  : Slow Model Removal 'AUDIO_DAC:u4|oAUD_BCK'
Slack : 0.508
TNS   : 0.000

Type  : Slow Model Removal 'p1|altpll_component|pll|clk[0]'
Slack : 2.840
TNS   : 0.000

Type  : Slow Model Removal 'p1|altpll_component|pll|clk[2]'
Slack : 2.840
TNS   : 0.000

Type  : Slow Model Removal 'p1|altpll_component|pll|clk[1]'
Slack : 3.057
TNS   : 0.000

Type  : Slow Model Minimum Pulse Width 'iCLK_50'
Slack : -1.380
TNS   : -180.380

Type  : Slow Model Minimum Pulse Width 'iCLK_28'
Slack : -1.380
TNS   : -85.380

Type  : Slow Model Minimum Pulse Width 'I2C_AV_Config:u3|mI2C_CTRL_CLK'
Slack : -0.500
TNS   : -56.000

Type  : Slow Model Minimum Pulse Width 'flash_default_tester:flash1|DE2_70_flash_word_tester:tester|flash_writer:f1|delay[5]'
Slack : -0.500
TNS   : -28.000

Type  : Slow Model Minimum Pulse Width 'flash_default_tester:flash1|DE2_70_flash_word_tester:tester|flash_writer:f1|delay[4]'
Slack : -0.500
TNS   : -23.000

Type  : Slow Model Minimum Pulse Width 'flash_default_tester:flash1|DE2_70_flash_word_tester:tester|disp_cnt[24]'
Slack : -0.500
TNS   : -7.000

Type  : Slow Model Minimum Pulse Width 'AUDIO_DAC:u4|LRCK_1X'
Slack : -0.500
TNS   : -6.000

Type  : Slow Model Minimum Pulse Width 'AUDIO_DAC:u4|oAUD_BCK'
Slack : -0.500
TNS   : -4.000

Type  : Slow Model Minimum Pulse Width 'p1|altpll_component|pll|clk[2]'
Slack : 17.714
TNS   : 0.000

Type  : Slow Model Minimum Pulse Width 'iTD1_CLK27'
Slack : 18.518
TNS   : 0.000

Type  : Slow Model Minimum Pulse Width 'p1|altpll_component|pll|clk[0]'
Slack : 18.841
TNS   : 0.000

Type  : Slow Model Minimum Pulse Width 'p1|altpll_component|pll|clk[1]'
Slack : 26.777
TNS   : 0.000

Type  : Fast Model Setup 'iCLK_50'
Slack : -171.943
TNS   : -7241.564

Type  : Fast Model Setup 'iCLK_28'
Slack : -1.507
TNS   : -58.721

Type  : Fast Model Setup 'flash_default_tester:flash1|DE2_70_flash_word_tester:tester|flash_writer:f1|delay[5]'
Slack : -1.027
TNS   : -22.132

Type  : Fast Model Setup 'flash_default_tester:flash1|DE2_70_flash_word_tester:tester|flash_writer:f1|delay[4]'
Slack : -0.734
TNS   : -15.231

Type  : Fast Model Setup 'I2C_AV_Config:u3|mI2C_CTRL_CLK'
Slack : -0.720
TNS   : -15.386

Type  : Fast Model Setup 'AUDIO_DAC:u4|LRCK_1X'
Slack : -0.014
TNS   : -0.084

Type  : Fast Model Setup 'flash_default_tester:flash1|DE2_70_flash_word_tester:tester|disp_cnt[24]'
Slack : 0.236
TNS   : 0.000

Type  : Fast Model Setup 'AUDIO_DAC:u4|oAUD_BCK'
Slack : 0.496
TNS   : 0.000

Type  : Fast Model Setup 'p1|altpll_component|pll|clk[1]'
Slack : 0.594
TNS   : 0.000

Type  : Fast Model Setup 'p1|altpll_component|pll|clk[0]'
Slack : 9.388
TNS   : 0.000

Type  : Fast Model Setup 'p1|altpll_component|pll|clk[2]'
Slack : 26.524
TNS   : 0.000

Type  : Fast Model Hold 'iCLK_28'
Slack : -1.688
TNS   : -34.060

Type  : Fast Model Hold 'iCLK_50'
Slack : -1.688
TNS   : -1.688

Type  : Fast Model Hold 'p1|altpll_component|pll|clk[1]'
Slack : -0.736
TNS   : -1.445

Type  : Fast Model Hold 'AUDIO_DAC:u4|oAUD_BCK'
Slack : 0.215
TNS   : 0.000

Type  : Fast Model Hold 'I2C_AV_Config:u3|mI2C_CTRL_CLK'
Slack : 0.215
TNS   : 0.000

Type  : Fast Model Hold 'flash_default_tester:flash1|DE2_70_flash_word_tester:tester|disp_cnt[24]'
Slack : 0.215
TNS   : 0.000

Type  : Fast Model Hold 'flash_default_tester:flash1|DE2_70_flash_word_tester:tester|flash_writer:f1|delay[4]'
Slack : 0.215
TNS   : 0.000

Type  : Fast Model Hold 'flash_default_tester:flash1|DE2_70_flash_word_tester:tester|flash_writer:f1|delay[5]'
Slack : 0.215
TNS   : 0.000

Type  : Fast Model Hold 'p1|altpll_component|pll|clk[0]'
Slack : 0.215
TNS   : 0.000

Type  : Fast Model Hold 'p1|altpll_component|pll|clk[2]'
Slack : 0.236
TNS   : 0.000

Type  : Fast Model Hold 'AUDIO_DAC:u4|LRCK_1X'
Slack : 0.248
TNS   : 0.000

Type  : Fast Model Recovery 'p1|altpll_component|pll|clk[0]'
Slack : -1.887
TNS   : -113.563

Type  : Fast Model Recovery 'p1|altpll_component|pll|clk[2]'
Slack : -1.887
TNS   : -14.071

Type  : Fast Model Recovery 'p1|altpll_component|pll|clk[1]'
Slack : -1.861
TNS   : -25.691

Type  : Fast Model Recovery 'AUDIO_DAC:u4|oAUD_BCK'
Slack : 0.327
TNS   : 0.000

Type  : Fast Model Recovery 'AUDIO_DAC:u4|LRCK_1X'
Slack : 0.389
TNS   : 0.000

Type  : Fast Model Removal 'AUDIO_DAC:u4|LRCK_1X'
Slack : 0.491
TNS   : 0.000

Type  : Fast Model Removal 'AUDIO_DAC:u4|oAUD_BCK'
Slack : 0.553
TNS   : 0.000

Type  : Fast Model Removal 'p1|altpll_component|pll|clk[0]'
Slack : 1.614
TNS   : 0.000

Type  : Fast Model Removal 'p1|altpll_component|pll|clk[2]'
Slack : 1.614
TNS   : 0.000

Type  : Fast Model Removal 'p1|altpll_component|pll|clk[1]'
Slack : 1.711
TNS   : 0.000

Type  : Fast Model Minimum Pulse Width 'iCLK_50'
Slack : -1.380
TNS   : -180.380

Type  : Fast Model Minimum Pulse Width 'iCLK_28'
Slack : -1.380
TNS   : -85.380

Type  : Fast Model Minimum Pulse Width 'I2C_AV_Config:u3|mI2C_CTRL_CLK'
Slack : -0.500
TNS   : -56.000

Type  : Fast Model Minimum Pulse Width 'flash_default_tester:flash1|DE2_70_flash_word_tester:tester|flash_writer:f1|delay[5]'
Slack : -0.500
TNS   : -28.000

Type  : Fast Model Minimum Pulse Width 'flash_default_tester:flash1|DE2_70_flash_word_tester:tester|flash_writer:f1|delay[4]'
Slack : -0.500
TNS   : -23.000

Type  : Fast Model Minimum Pulse Width 'flash_default_tester:flash1|DE2_70_flash_word_tester:tester|disp_cnt[24]'
Slack : -0.500
TNS   : -7.000

Type  : Fast Model Minimum Pulse Width 'AUDIO_DAC:u4|LRCK_1X'
Slack : -0.500
TNS   : -6.000

Type  : Fast Model Minimum Pulse Width 'AUDIO_DAC:u4|oAUD_BCK'
Slack : -0.500
TNS   : -4.000

Type  : Fast Model Minimum Pulse Width 'p1|altpll_component|pll|clk[2]'
Slack : 17.714
TNS   : 0.000

Type  : Fast Model Minimum Pulse Width 'iTD1_CLK27'
Slack : 18.518
TNS   : 0.000

Type  : Fast Model Minimum Pulse Width 'p1|altpll_component|pll|clk[0]'
Slack : 18.841
TNS   : 0.000

Type  : Fast Model Minimum Pulse Width 'p1|altpll_component|pll|clk[1]'
Slack : 26.777
TNS   : 0.000

------------------------------------------------------------
